// Jest Snapshot v1, https://goo.gl/fbAQLP

exports[`Render HelloWorld correctly 1`] = `
.c0 {
  background-color: SeaGreen;
  color: #fff;
  font-size: 40px;
  margin-bottom: 5px;
  padding-left: 5px;
}

.c1 {
  color: DimGrey;
  font-size: 25px;
  margin: 0;
  padding: 5px;
}

<div>
  <h1
    className="c0"
  >
    Hello World
  </h1>
  <p
    className="c1"
  >
    This is a hello world message.
  </p>
</div>
`;
