// Jest Snapshot v1, https://goo.gl/fbAQLP

exports[`Home should render component 1`] = `
<div>
  <h1
    className="sc-bdVaJa hitZWa"
  >
    Hello World
  </h1>
  <p
    className="sc-bwzfXH hRnPxo"
  >
    This is a hello world message.
  </p>
</div>
`;
