// Jest Snapshot v1, https://goo.gl/fbAQLP

exports[`HelloWorld Should render component 1`] = `
<div>
  <h1
    className="sc-bdVaJa dgExSG"
  >
    Hello World
  </h1>
  <p
    className="sc-bwzfXH KXrTm"
  >
    This is a hello world message.
  </p>
</div>
`;
